// Jest Snapshot v1, https://goo.gl/fbAQLP

exports[`Nav component tests It displays correctly. 1`] = `
Object {
  "asFragment": [Function],
  "baseElement": <body>
    <div>
      <header
        class="sc-bdnylx iHbepJ"
        data-testid="navbar-component"
      >
        <h1
          data-testid="nav-title"
        >
          Kidspace
        </h1>
        <nav
          data-testid="nav-links"
        >
          <a
            href="#"
          >
            Home
          </a>
          <a
            href="#"
          >
            Dashboard
          </a>
          <a
            href="#"
          >
            Profile
          </a>
        </nav>
      </header>
    </div>
  </body>,
  "container": <div>
    <header
      class="sc-bdnylx iHbepJ"
      data-testid="navbar-component"
    >
      <h1
        data-testid="nav-title"
      >
        Kidspace
      </h1>
      <nav
        data-testid="nav-links"
      >
        <a
          href="#"
        >
          Home
        </a>
        <a
          href="#"
        >
          Dashboard
        </a>
        <a
          href="#"
        >
          Profile
        </a>
      </nav>
    </header>
  </div>,
  "debug": [Function],
  "findAllByAltText": [Function],
  "findAllByDisplayValue": [Function],
  "findAllByLabelText": [Function],
  "findAllByPlaceholderText": [Function],
  "findAllByRole": [Function],
  "findAllByTestId": [Function],
  "findAllByText": [Function],
  "findAllByTitle": [Function],
  "findByAltText": [Function],
  "findByDisplayValue": [Function],
  "findByLabelText": [Function],
  "findByPlaceholderText": [Function],
  "findByRole": [Function],
  "findByTestId": [Function],
  "findByText": [Function],
  "findByTitle": [Function],
  "getAllByAltText": [Function],
  "getAllByDisplayValue": [Function],
  "getAllByLabelText": [Function],
  "getAllByPlaceholderText": [Function],
  "getAllByRole": [Function],
  "getAllByTestId": [Function],
  "getAllByText": [Function],
  "getAllByTitle": [Function],
  "getByAltText": [Function],
  "getByDisplayValue": [Function],
  "getByLabelText": [Function],
  "getByPlaceholderText": [Function],
  "getByRole": [Function],
  "getByTestId": [Function],
  "getByText": [Function],
  "getByTitle": [Function],
  "queryAllByAltText": [Function],
  "queryAllByDisplayValue": [Function],
  "queryAllByLabelText": [Function],
  "queryAllByPlaceholderText": [Function],
  "queryAllByRole": [Function],
  "queryAllByTestId": [Function],
  "queryAllByText": [Function],
  "queryAllByTitle": [Function],
  "queryByAltText": [Function],
  "queryByDisplayValue": [Function],
  "queryByLabelText": [Function],
  "queryByPlaceholderText": [Function],
  "queryByRole": [Function],
  "queryByTestId": [Function],
  "queryByText": [Function],
  "queryByTitle": [Function],
  "rerender": [Function],
  "unmount": [Function],
}
`;

exports[`Nav component tests Nav component displays correctly. 1`] = `
Object {
  "asFragment": [Function],
  "baseElement": <body>
    <div>
      <header
        class="sc-bdnylx iHbepJ"
        data-testid="navbar-component"
      >
        <h1
          data-testid="nav-title"
        >
          Kidspace
        </h1>
        <nav
          data-testid="nav-links"
        >
          <a
            href="#"
          >
            Home
          </a>
          <a
            href="#"
          >
            Dashboard
          </a>
          <a
            href="#"
          >
            Profile
          </a>
        </nav>
      </header>
    </div>
  </body>,
  "container": <div>
    <header
      class="sc-bdnylx iHbepJ"
      data-testid="navbar-component"
    >
      <h1
        data-testid="nav-title"
      >
        Kidspace
      </h1>
      <nav
        data-testid="nav-links"
      >
        <a
          href="#"
        >
          Home
        </a>
        <a
          href="#"
        >
          Dashboard
        </a>
        <a
          href="#"
        >
          Profile
        </a>
      </nav>
    </header>
  </div>,
  "debug": [Function],
  "findAllByAltText": [Function],
  "findAllByDisplayValue": [Function],
  "findAllByLabelText": [Function],
  "findAllByPlaceholderText": [Function],
  "findAllByRole": [Function],
  "findAllByTestId": [Function],
  "findAllByText": [Function],
  "findAllByTitle": [Function],
  "findByAltText": [Function],
  "findByDisplayValue": [Function],
  "findByLabelText": [Function],
  "findByPlaceholderText": [Function],
  "findByRole": [Function],
  "findByTestId": [Function],
  "findByText": [Function],
  "findByTitle": [Function],
  "getAllByAltText": [Function],
  "getAllByDisplayValue": [Function],
  "getAllByLabelText": [Function],
  "getAllByPlaceholderText": [Function],
  "getAllByRole": [Function],
  "getAllByTestId": [Function],
  "getAllByText": [Function],
  "getAllByTitle": [Function],
  "getByAltText": [Function],
  "getByDisplayValue": [Function],
  "getByLabelText": [Function],
  "getByPlaceholderText": [Function],
  "getByRole": [Function],
  "getByTestId": [Function],
  "getByText": [Function],
  "getByTitle": [Function],
  "queryAllByAltText": [Function],
  "queryAllByDisplayValue": [Function],
  "queryAllByLabelText": [Function],
  "queryAllByPlaceholderText": [Function],
  "queryAllByRole": [Function],
  "queryAllByTestId": [Function],
  "queryAllByText": [Function],
  "queryAllByTitle": [Function],
  "queryByAltText": [Function],
  "queryByDisplayValue": [Function],
  "queryByLabelText": [Function],
  "queryByPlaceholderText": [Function],
  "queryByRole": [Function],
  "queryByTestId": [Function],
  "queryByText": [Function],
  "queryByTitle": [Function],
  "rerender": [Function],
  "unmount": [Function],
}
`;
