// Jest Snapshot v1, https://goo.gl/fbAQLP

exports[`Question Card component tests Question Card component displays correctly. 1`] = `
Object {
  "asFragment": [Function],
  "baseElement": <body>
    <div>
      <div
        class="sc-bdnylx esHDrr"
        data-testid="question-card-wrapper"
      >
        <p
          class="number"
          data-testid="question-number"
        >
          Question: 
          1
           / 
          1
        </p>
        <p>
          test question
        </p>
        <div>
          <div
            class="sc-gtssRu gDxeRB"
          >
            <button
              disabled=""
              value="a"
            >
              <span>
                a
              </span>
            </button>
          </div>
          <div
            class="sc-gtssRu gDxeRB"
          >
            <button
              disabled=""
              value="b"
            >
              <span>
                b
              </span>
            </button>
          </div>
          <div
            class="sc-gtssRu gDxeRB"
          >
            <button
              disabled=""
              value="c"
            >
              <span>
                c
              </span>
            </button>
          </div>
          <div
            class="sc-gtssRu gDxeRB"
          >
            <button
              disabled=""
              value="d"
            >
              <span>
                d
              </span>
            </button>
          </div>
        </div>
      </div>
    </div>
  </body>,
  "container": <div>
    <div
      class="sc-bdnylx esHDrr"
      data-testid="question-card-wrapper"
    >
      <p
        class="number"
        data-testid="question-number"
      >
        Question: 
        1
         / 
        1
      </p>
      <p>
        test question
      </p>
      <div>
        <div
          class="sc-gtssRu gDxeRB"
        >
          <button
            disabled=""
            value="a"
          >
            <span>
              a
            </span>
          </button>
        </div>
        <div
          class="sc-gtssRu gDxeRB"
        >
          <button
            disabled=""
            value="b"
          >
            <span>
              b
            </span>
          </button>
        </div>
        <div
          class="sc-gtssRu gDxeRB"
        >
          <button
            disabled=""
            value="c"
          >
            <span>
              c
            </span>
          </button>
        </div>
        <div
          class="sc-gtssRu gDxeRB"
        >
          <button
            disabled=""
            value="d"
          >
            <span>
              d
            </span>
          </button>
        </div>
      </div>
    </div>
  </div>,
  "debug": [Function],
  "findAllByAltText": [Function],
  "findAllByDisplayValue": [Function],
  "findAllByLabelText": [Function],
  "findAllByPlaceholderText": [Function],
  "findAllByRole": [Function],
  "findAllByTestId": [Function],
  "findAllByText": [Function],
  "findAllByTitle": [Function],
  "findByAltText": [Function],
  "findByDisplayValue": [Function],
  "findByLabelText": [Function],
  "findByPlaceholderText": [Function],
  "findByRole": [Function],
  "findByTestId": [Function],
  "findByText": [Function],
  "findByTitle": [Function],
  "getAllByAltText": [Function],
  "getAllByDisplayValue": [Function],
  "getAllByLabelText": [Function],
  "getAllByPlaceholderText": [Function],
  "getAllByRole": [Function],
  "getAllByTestId": [Function],
  "getAllByText": [Function],
  "getAllByTitle": [Function],
  "getByAltText": [Function],
  "getByDisplayValue": [Function],
  "getByLabelText": [Function],
  "getByPlaceholderText": [Function],
  "getByRole": [Function],
  "getByTestId": [Function],
  "getByText": [Function],
  "getByTitle": [Function],
  "queryAllByAltText": [Function],
  "queryAllByDisplayValue": [Function],
  "queryAllByLabelText": [Function],
  "queryAllByPlaceholderText": [Function],
  "queryAllByRole": [Function],
  "queryAllByTestId": [Function],
  "queryAllByText": [Function],
  "queryAllByTitle": [Function],
  "queryByAltText": [Function],
  "queryByDisplayValue": [Function],
  "queryByLabelText": [Function],
  "queryByPlaceholderText": [Function],
  "queryByRole": [Function],
  "queryByTestId": [Function],
  "queryByText": [Function],
  "queryByTitle": [Function],
  "rerender": [Function],
  "unmount": [Function],
}
`;
